This file contains any messages produced by compilers while
running configure, to aid debugging if configure makes a mistake.

It was created by cybop configure 0.16.0, which was
generated by GNU Autoconf 2.65.  Invocation command line was

  $ ./configure --no-create --no-recursion

## --------- ##
## Platform. ##
## --------- ##

hostname = cad14
uname -m = x86_64
uname -r = 2.6.34.10-0.6-desktop
uname -s = Linux
uname -v = #1 SMP PREEMPT 2011-12-13 18:27:38 +0100

/usr/bin/uname -p = unknown
/bin/uname -X     = unknown

/bin/arch              = x86_64
/usr/bin/arch -k       = unknown
/usr/convex/getsysinfo = unknown
/usr/bin/hostinfo      = unknown
/bin/machine           = unknown
/usr/bin/oslevel       = unknown
/bin/universe          = unknown

PATH: /usr/lib64/mpi/gcc/openmpi/bin
PATH: /usr/local/bin
PATH: /usr/bin
PATH: /bin
PATH: /usr/bin/X11
PATH: /usr/X11R6/bin
PATH: /usr/games
PATH: /opt/kde3/bin
PATH: /usr/lib/mit/bin
PATH: /usr/lib/mit/sbin


## ----------- ##
## Core tests. ##
## ----------- ##

configure:2467: checking for a BSD-compatible install
configure:2535: result: /usr/bin/install -c
configure:2546: checking whether build environment is sane
configure:2596: result: yes
configure:2737: checking for a thread-safe mkdir -p
configure:2776: result: /bin/mkdir -p
configure:2789: checking for gawk
configure:2805: found /usr/bin/gawk
configure:2816: result: gawk
configure:2827: checking whether make sets $(MAKE)
configure:2849: result: yes
configure:2924: checking how to create a ustar tar archive
configure:2937: tar --version
tar (GNU tar) 1.23
Copyright (C) 2010 Free Software Foundation, Inc.
License GPLv3+: GNU GPL version 3 or later <http://gnu.org/licenses/gpl.html>.
This is free software: you are free to change and redistribute it.
There is NO WARRANTY, to the extent permitted by law.

Written by John Gilmore and Jay Fenlason.
configure:2940: $? = 0
configure:2980: tardir=conftest.dir && eval tar --format=ustar -chf - "$tardir" >conftest.tar
configure:2983: $? = 0
configure:2987: tar -xf - <conftest.tar
configure:2990: $? = 0
configure:3003: result: gnutar
configure:3016: checking build system type
configure:3030: result: x86_64-suse-linux-gnu
configure:3050: checking host system type
configure:3063: result: x86_64-suse-linux-gnu
configure:3084: checking Host cpu
configure:3086: result: x86_64
configure:3089: checking For operating system
configure:3094: result: Linux
configure:3183: checking for gcc
configure:3199: found /usr/bin/gcc
configure:3210: result: gcc
configure:3439: checking for C compiler version
configure:3448: gcc --version >&5
gcc (SUSE Linux) 4.5.0 20100604 [gcc-4_5-branch revision 160292]
Copyright (C) 2010 Free Software Foundation, Inc.
This is free software; see the source for copying conditions.  There is NO
warranty; not even for MERCHANTABILITY or FITNESS FOR A PARTICULAR PURPOSE.

configure:3459: $? = 0
configure:3448: gcc -v >&5
Using built-in specs.
COLLECT_GCC=gcc
COLLECT_LTO_WRAPPER=/usr/lib64/gcc/x86_64-suse-linux/4.5/lto-wrapper
Target: x86_64-suse-linux
Configured with: ../configure --prefix=/usr --infodir=/usr/share/info --mandir=/usr/share/man --libdir=/usr/lib64 --libexecdir=/usr/lib64 --enable-languages=c,c++,objc,fortran,obj-c++,java,ada --enable-checking=release --with-gxx-include-dir=/usr/include/c++/4.5 --enable-ssp --disable-libssp --disable-plugin --with-bugurl=http://bugs.opensuse.org/ --with-pkgversion='SUSE Linux' --disable-libgcj --disable-libmudflap --with-slibdir=/lib64 --with-system-zlib --enable-__cxa_atexit --enable-libstdcxx-allocator=new --disable-libstdcxx-pch --enable-version-specific-runtime-libs --program-suffix=-4.5 --enable-linux-futex --without-system-libunwind --enable-gold --with-plugin-ld=/usr/bin/gold --with-arch-32=i586 --with-tune=generic --build=x86_64-suse-linux
Thread model: posix
gcc version 4.5.0 20100604 [gcc-4_5-branch revision 160292] (SUSE Linux) 
configure:3459: $? = 0
configure:3448: gcc -V >&5
gcc: '-V' option must have argument
configure:3459: $? = 1
configure:3448: gcc -qversion >&5
gcc: unrecognized option '-qversion'
gcc: no input files
configure:3459: $? = 1
configure:3479: checking whether the C compiler works
configure:3501: gcc    conftest.c  >&5
configure:3505: $? = 0
configure:3554: result: yes
configure:3557: checking for C compiler default output file name
configure:3559: result: a.out
configure:3565: checking for suffix of executables
configure:3572: gcc -o conftest    conftest.c  >&5
configure:3576: $? = 0
configure:3598: result: 
configure:3620: checking whether we are cross compiling
configure:3628: gcc -o conftest    conftest.c  >&5
configure:3632: $? = 0
configure:3639: ./conftest
configure:3643: $? = 0
configure:3658: result: no
configure:3663: checking for suffix of object files
configure:3685: gcc -c   conftest.c >&5
configure:3689: $? = 0
configure:3710: result: o
configure:3714: checking whether we are using the GNU C compiler
configure:3733: gcc -c   conftest.c >&5
configure:3733: $? = 0
configure:3742: result: yes
configure:3751: checking whether gcc accepts -g
configure:3771: gcc -c -g  conftest.c >&5
configure:3771: $? = 0
configure:3812: result: yes
configure:3829: checking for gcc option to accept ISO C89
configure:3893: gcc  -c -g -O2  conftest.c >&5
configure:3893: $? = 0
configure:3906: result: none needed
configure:3937: checking for style of include used by make
configure:3965: result: GNU
configure:3990: checking dependency style of gcc
configure:4100: result: gcc3
configure:4120: checking how to run the C preprocessor
configure:4151: gcc -E  conftest.c
configure:4151: $? = 0
configure:4165: gcc -E  conftest.c
conftest.c:11:28: fatal error: ac_nonexistent.h: No such file or directory
compilation terminated.
configure:4165: $? = 1
configure: failed program was:
| /* confdefs.h */
| #define PACKAGE_NAME "cybop"
| #define PACKAGE_TARNAME "cybop"
| #define PACKAGE_VERSION "0.16.0"
| #define PACKAGE_STRING "cybop 0.16.0"
| #define PACKAGE_BUGREPORT "christian.heller@tuxtax.de"
| #define PACKAGE_URL ""
| #define PACKAGE "cybop"
| #define VERSION "0.16.0"
| /* end confdefs.h.  */
| #include <ac_nonexistent.h>
configure:4190: result: gcc -E
configure:4210: gcc -E  conftest.c
configure:4210: $? = 0
configure:4224: gcc -E  conftest.c
conftest.c:11:28: fatal error: ac_nonexistent.h: No such file or directory
compilation terminated.
configure:4224: $? = 1
configure: failed program was:
| /* confdefs.h */
| #define PACKAGE_NAME "cybop"
| #define PACKAGE_TARNAME "cybop"
| #define PACKAGE_VERSION "0.16.0"
| #define PACKAGE_STRING "cybop 0.16.0"
| #define PACKAGE_BUGREPORT "christian.heller@tuxtax.de"
| #define PACKAGE_URL ""
| #define PACKAGE "cybop"
| #define VERSION "0.16.0"
| /* end confdefs.h.  */
| #include <ac_nonexistent.h>
configure:4253: checking whether ln -s works
configure:4257: result: yes
configure:4264: checking whether make sets $(MAKE)
configure:4286: result: yes
configure:4321: checking for a sed that does not truncate output
configure:4385: result: /usr/bin/sed
configure:4403: checking for grep that handles long lines and -e
configure:4461: result: /usr/bin/grep
configure:4466: checking for egrep
configure:4528: result: /usr/bin/grep -E
configure:4533: checking for fgrep
configure:4595: result: /usr/bin/grep -F
configure:4630: checking for ld used by gcc
configure:4697: result: /usr/x86_64-suse-linux/bin/ld
configure:4704: checking if the linker (/usr/x86_64-suse-linux/bin/ld) is GNU ld
configure:4719: result: yes
configure:4731: checking for BSD- or MS-compatible name lister (nm)
configure:4780: result: /usr/bin/nm -B
configure:4898: checking the name lister (/usr/bin/nm -B) interface
configure:4905: gcc -c -g -O2  conftest.c >&5
configure:4908: /usr/bin/nm -B "conftest.o"
configure:4911: output
0000000000000000 B some_variable
configure:4918: result: BSD nm
configure:4922: checking the maximum length of command line arguments
configure:5042: result: 1572864
configure:5059: checking whether the shell understands some XSI constructs
configure:5069: result: yes
configure:5073: checking whether the shell understands "+="
configure:5079: result: yes
configure:5114: checking for /usr/x86_64-suse-linux/bin/ld option to reload object files
configure:5121: result: -r
configure:5190: checking for objdump
configure:5206: found /usr/bin/objdump
configure:5217: result: objdump
configure:5249: checking how to recognize dependent libraries
configure:5445: result: pass_all
configure:5505: checking for ar
configure:5521: found /usr/bin/ar
configure:5532: result: ar
configure:5610: checking for strip
configure:5626: found /usr/bin/strip
configure:5637: result: strip
configure:5709: checking for ranlib
configure:5725: found /usr/bin/ranlib
configure:5736: result: ranlib
configure:5826: checking command to parse /usr/bin/nm -B output from gcc object
configure:5944: gcc -c -g -O2  conftest.c >&5
configure:5947: $? = 0
configure:5951: /usr/bin/nm -B conftest.o \| sed -n -e 's/^.*[	 ]\([ABCDGIRSTW][ABCDGIRSTW]*\)[	 ][	 ]*\([_A-Za-z][_A-Za-z0-9]*\)$/\1 \2 \2/p' \> conftest.nm
configure:5954: $? = 0
configure:6008: gcc -o conftest -g -O2   conftest.c conftstm.o >&5
configure:6011: $? = 0
configure:6049: result: ok
configure:6145: gcc -c -g -O2  conftest.c >&5
configure:6148: $? = 0
configure:6854: checking for ANSI C header files
configure:6874: gcc -c -g -O2  conftest.c >&5
configure:6874: $? = 0
configure:6947: gcc -o conftest -g -O2   conftest.c  >&5
configure:6947: $? = 0
configure:6947: ./conftest
configure:6947: $? = 0
configure:6958: result: yes
configure:6971: checking for sys/types.h
configure:6971: gcc -c -g -O2  conftest.c >&5
configure:6971: $? = 0
configure:6971: result: yes
configure:6971: checking for sys/stat.h
configure:6971: gcc -c -g -O2  conftest.c >&5
configure:6971: $? = 0
configure:6971: result: yes
configure:6971: checking for stdlib.h
configure:6971: gcc -c -g -O2  conftest.c >&5
configure:6971: $? = 0
configure:6971: result: yes
configure:6971: checking for string.h
configure:6971: gcc -c -g -O2  conftest.c >&5
configure:6971: $? = 0
configure:6971: result: yes
configure:6971: checking for memory.h
configure:6971: gcc -c -g -O2  conftest.c >&5
configure:6971: $? = 0
configure:6971: result: yes
configure:6971: checking for strings.h
configure:6971: gcc -c -g -O2  conftest.c >&5
configure:6971: $? = 0
configure:6971: result: yes
configure:6971: checking for inttypes.h
configure:6971: gcc -c -g -O2  conftest.c >&5
configure:6971: $? = 0
configure:6971: result: yes
configure:6971: checking for stdint.h
configure:6971: gcc -c -g -O2  conftest.c >&5
configure:6971: $? = 0
configure:6971: result: yes
configure:6971: checking for unistd.h
configure:6971: gcc -c -g -O2  conftest.c >&5
configure:6971: $? = 0
configure:6971: result: yes
configure:6986: checking for dlfcn.h
configure:6986: gcc -c -g -O2  conftest.c >&5
configure:6986: $? = 0
configure:6986: result: yes
configure:7170: checking for objdir
configure:7185: result: .libs
configure:7477: checking if gcc supports -fno-rtti -fno-exceptions
configure:7495: gcc -c -g -O2  -fno-rtti -fno-exceptions conftest.c >&5
cc1: warning: command line option "-fno-rtti" is valid for C++/ObjC++ but not for C
configure:7499: $? = 0
configure:7512: result: no
configure:7532: checking for gcc option to produce PIC
configure:7804: result: -fPIC -DPIC
configure:7816: checking if gcc PIC flag -fPIC -DPIC works
configure:7834: gcc -c -g -O2  -fPIC -DPIC -DPIC conftest.c >&5
configure:7838: $? = 0
configure:7851: result: yes
configure:7875: checking if gcc static flag -static works
configure:7903: result: yes
configure:7918: checking if gcc supports -c -o file.o
configure:7939: gcc -c -g -O2  -o out/conftest2.o conftest.c >&5
configure:7943: $? = 0
configure:7965: result: yes
configure:7973: checking if gcc supports -c -o file.o
configure:8020: result: yes
configure:8053: checking whether the gcc linker (/usr/x86_64-suse-linux/bin/ld -m elf_x86_64) supports shared libraries
configure:9039: result: yes
configure:9076: checking whether -lc should be explicitly linked in
configure:9081: gcc -c -g -O2  conftest.c >&5
configure:9084: $? = 0
configure:9099: gcc -shared conftest.o  -v -Wl,-soname -Wl,conftest -o conftest 2\>\&1 \| /usr/bin/grep  -lc  \>/dev/null 2\>\&1
configure:9102: $? = 0
configure:9114: result: no
configure:9278: checking dynamic linker characteristics
configure:9711: gcc -o conftest -g -O2   -Wl,-rpath -Wl,/foo conftest.c  >&5
configure:9711: $? = 0
configure:9929: result: GNU/Linux ld.so
configure:10031: checking how to hardcode library paths into programs
configure:10056: result: immediate
configure:10576: checking whether stripping libraries is possible
configure:10581: result: yes
configure:10616: checking if libtool supports shared libraries
configure:10618: result: yes
configure:10621: checking whether to build shared libraries
configure:10642: result: yes
configure:10645: checking whether to build static libraries
configure:10649: result: yes
configure:10688: checking for floor in -lm
configure:10713: gcc -o conftest -g -O2   conftest.c -lm   >&5
conftest.c:30:6: warning: conflicting types for built-in function 'floor'
configure:10713: $? = 0
configure:10722: result: yes
configure:10733: checking for glClear in -lGL
configure:10758: gcc -o conftest -g -O2   conftest.c -lGL  -lm  >&5
configure:10758: $? = 0
configure:10767: result: yes
configure:10778: checking for main in -lGLU
configure:10797: gcc -o conftest -g -O2   conftest.c -lGLU  -lGL -lm  >&5
configure:10797: $? = 0
configure:10806: result: yes
configure:10817: checking for XOpenDisplay in -lX11
configure:10842: gcc -o conftest -g -O2   conftest.c -lX11  -lGLU -lGL -lm  >&5
configure:10842: $? = 0
configure:10851: result: yes
configure:10862: checking for glutInit in -lglut
configure:10887: gcc -o conftest -g -O2   conftest.c -lglut  -lX11 -lGLU -lGL -lm  >&5
configure:10887: $? = 0
configure:10896: result: yes
configure:10907: checking for pthread_exit in -lpthread
configure:10932: gcc -o conftest -g -O2   conftest.c -lpthread  -lglut -lX11 -lGLU -lGL -lm  >&5
configure:10932: $? = 0
configure:10941: result: yes
configure:10952: checking for xcb_connect in -lxcb
configure:10977: gcc -o conftest -g -O2   conftest.c -lxcb  -lpthread -lglut -lX11 -lGLU -lGL -lm  >&5
configure:10977: $? = 0
configure:10986: result: yes
configure:10999: checking for X
configure:11138: gcc -o conftest -g -O2   conftest.c -lX11 -lxcb -lpthread -lglut -lX11 -lGLU -lGL -lm  >&5
configure:11138: $? = 0
configure:11188: result: libraries , headers 
configure:11192: checking for ANSI C header files
configure:11296: result: yes
configure:11304: checking for sys/wait.h that is POSIX.1 compatible
configure:11330: gcc -c -g -O2  conftest.c >&5
configure:11330: $? = 0
configure:11337: result: yes
configure:11348: checking arpa/inet.h usability
configure:11348: gcc -c -g -O2  conftest.c >&5
configure:11348: $? = 0
configure:11348: result: yes
configure:11348: checking arpa/inet.h presence
configure:11348: gcc -E  conftest.c
configure:11348: $? = 0
configure:11348: result: yes
configure:11348: checking for arpa/inet.h
configure:11348: result: yes
configure:11348: checking fcntl.h usability
configure:11348: gcc -c -g -O2  conftest.c >&5
configure:11348: $? = 0
configure:11348: result: yes
configure:11348: checking fcntl.h presence
configure:11348: gcc -E  conftest.c
configure:11348: $? = 0
configure:11348: result: yes
configure:11348: checking for fcntl.h
configure:11348: result: yes
configure:11348: checking locale.h usability
configure:11348: gcc -c -g -O2  conftest.c >&5
configure:11348: $? = 0
configure:11348: result: yes
configure:11348: checking locale.h presence
configure:11348: gcc -E  conftest.c
configure:11348: $? = 0
configure:11348: result: yes
configure:11348: checking for locale.h
configure:11348: result: yes
configure:11348: checking netinet/in.h usability
configure:11348: gcc -c -g -O2  conftest.c >&5
configure:11348: $? = 0
configure:11348: result: yes
configure:11348: checking netinet/in.h presence
configure:11348: gcc -E  conftest.c
configure:11348: $? = 0
configure:11348: result: yes
configure:11348: checking for netinet/in.h
configure:11348: result: yes
configure:11348: checking stddef.h usability
configure:11348: gcc -c -g -O2  conftest.c >&5
configure:11348: $? = 0
configure:11348: result: yes
configure:11348: checking stddef.h presence
configure:11348: gcc -E  conftest.c
configure:11348: $? = 0
configure:11348: result: yes
configure:11348: checking for stddef.h
configure:11348: result: yes
configure:11348: checking for stdlib.h
configure:11348: result: yes
configure:11348: checking for string.h
configure:11348: result: yes
configure:11348: checking sys/socket.h usability
configure:11348: gcc -c -g -O2  conftest.c >&5
configure:11348: $? = 0
configure:11348: result: yes
configure:11348: checking sys/socket.h presence
configure:11348: gcc -E  conftest.c
configure:11348: $? = 0
configure:11348: result: yes
configure:11348: checking for sys/socket.h
configure:11348: result: yes
configure:11348: checking termios.h usability
configure:11348: gcc -c -g -O2  conftest.c >&5
configure:11348: $? = 0
configure:11348: result: yes
configure:11348: checking termios.h presence
configure:11348: gcc -E  conftest.c
configure:11348: $? = 0
configure:11348: result: yes
configure:11348: checking for termios.h
configure:11348: result: yes
configure:11348: checking for unistd.h
configure:11348: result: yes
configure:11348: checking wchar.h usability
configure:11348: gcc -c -g -O2  conftest.c >&5
configure:11348: $? = 0
configure:11348: result: yes
configure:11348: checking wchar.h presence
configure:11348: gcc -E  conftest.c
configure:11348: $? = 0
configure:11348: result: yes
configure:11348: checking for wchar.h
configure:11348: result: yes
configure:11361: checking for stdbool.h that conforms to C99
configure:11446: gcc -c -g -O2  conftest.c >&5
configure:11446: $? = 0
configure:11453: result: yes
configure:11455: checking for _Bool
configure:11455: gcc -c -g -O2  conftest.c >&5
configure:11455: $? = 0
configure:11455: gcc -c -g -O2  conftest.c >&5
conftest.c: In function 'main':
conftest.c:79:20: error: expected expression before ')' token
configure:11455: $? = 1
configure: failed program was:
| /* confdefs.h */
| #define PACKAGE_NAME "cybop"
| #define PACKAGE_TARNAME "cybop"
| #define PACKAGE_VERSION "0.16.0"
| #define PACKAGE_STRING "cybop 0.16.0"
| #define PACKAGE_BUGREPORT "christian.heller@tuxtax.de"
| #define PACKAGE_URL ""
| #define PACKAGE "cybop"
| #define VERSION "0.16.0"
| #define STDC_HEADERS 1
| #define HAVE_SYS_TYPES_H 1
| #define HAVE_SYS_STAT_H 1
| #define HAVE_STDLIB_H 1
| #define HAVE_STRING_H 1
| #define HAVE_MEMORY_H 1
| #define HAVE_STRINGS_H 1
| #define HAVE_INTTYPES_H 1
| #define HAVE_STDINT_H 1
| #define HAVE_UNISTD_H 1
| #define HAVE_DLFCN_H 1
| #define LT_OBJDIR ".libs/"
| #define HAVE_LIBM 1
| #define HAVE_LIBGL 1
| #define HAVE_LIBGLU 1
| #define HAVE_LIBX11 1
| #define HAVE_LIBGLUT 1
| #define HAVE_LIBPTHREAD 1
| #define HAVE_LIBXCB 1
| #define STDC_HEADERS 1
| #define HAVE_SYS_WAIT_H 1
| #define HAVE_ARPA_INET_H 1
| #define HAVE_FCNTL_H 1
| #define HAVE_LOCALE_H 1
| #define HAVE_NETINET_IN_H 1
| #define HAVE_STDDEF_H 1
| #define HAVE_STDLIB_H 1
| #define HAVE_STRING_H 1
| #define HAVE_SYS_SOCKET_H 1
| #define HAVE_TERMIOS_H 1
| #define HAVE_UNISTD_H 1
| #define HAVE_WCHAR_H 1
| /* end confdefs.h.  */
| #include <stdio.h>
| #ifdef HAVE_SYS_TYPES_H
| # include <sys/types.h>
| #endif
| #ifdef HAVE_SYS_STAT_H
| # include <sys/stat.h>
| #endif
| #ifdef STDC_HEADERS
| # include <stdlib.h>
| # include <stddef.h>
| #else
| # ifdef HAVE_STDLIB_H
| #  include <stdlib.h>
| # endif
| #endif
| #ifdef HAVE_STRING_H
| # if !defined STDC_HEADERS && defined HAVE_MEMORY_H
| #  include <memory.h>
| # endif
| # include <string.h>
| #endif
| #ifdef HAVE_STRINGS_H
| # include <strings.h>
| #endif
| #ifdef HAVE_INTTYPES_H
| # include <inttypes.h>
| #endif
| #ifdef HAVE_STDINT_H
| # include <stdint.h>
| #endif
| #ifdef HAVE_UNISTD_H
| # include <unistd.h>
| #endif
| int
| main ()
| {
| if (sizeof ((_Bool)))
| 	    return 0;
|   ;
|   return 0;
| }
configure:11455: result: yes
configure:11471: checking for size_t
configure:11471: gcc -c -g -O2  conftest.c >&5
configure:11471: $? = 0
configure:11471: gcc -c -g -O2  conftest.c >&5
conftest.c: In function 'main':
conftest.c:81:21: error: expected expression before ')' token
configure:11471: $? = 1
configure: failed program was:
| /* confdefs.h */
| #define PACKAGE_NAME "cybop"
| #define PACKAGE_TARNAME "cybop"
| #define PACKAGE_VERSION "0.16.0"
| #define PACKAGE_STRING "cybop 0.16.0"
| #define PACKAGE_BUGREPORT "christian.heller@tuxtax.de"
| #define PACKAGE_URL ""
| #define PACKAGE "cybop"
| #define VERSION "0.16.0"
| #define STDC_HEADERS 1
| #define HAVE_SYS_TYPES_H 1
| #define HAVE_SYS_STAT_H 1
| #define HAVE_STDLIB_H 1
| #define HAVE_STRING_H 1
| #define HAVE_MEMORY_H 1
| #define HAVE_STRINGS_H 1
| #define HAVE_INTTYPES_H 1
| #define HAVE_STDINT_H 1
| #define HAVE_UNISTD_H 1
| #define HAVE_DLFCN_H 1
| #define LT_OBJDIR ".libs/"
| #define HAVE_LIBM 1
| #define HAVE_LIBGL 1
| #define HAVE_LIBGLU 1
| #define HAVE_LIBX11 1
| #define HAVE_LIBGLUT 1
| #define HAVE_LIBPTHREAD 1
| #define HAVE_LIBXCB 1
| #define STDC_HEADERS 1
| #define HAVE_SYS_WAIT_H 1
| #define HAVE_ARPA_INET_H 1
| #define HAVE_FCNTL_H 1
| #define HAVE_LOCALE_H 1
| #define HAVE_NETINET_IN_H 1
| #define HAVE_STDDEF_H 1
| #define HAVE_STDLIB_H 1
| #define HAVE_STRING_H 1
| #define HAVE_SYS_SOCKET_H 1
| #define HAVE_TERMIOS_H 1
| #define HAVE_UNISTD_H 1
| #define HAVE_WCHAR_H 1
| #define HAVE__BOOL 1
| #define HAVE_STDBOOL_H 1
| /* end confdefs.h.  */
| #include <stdio.h>
| #ifdef HAVE_SYS_TYPES_H
| # include <sys/types.h>
| #endif
| #ifdef HAVE_SYS_STAT_H
| # include <sys/stat.h>
| #endif
| #ifdef STDC_HEADERS
| # include <stdlib.h>
| # include <stddef.h>
| #else
| # ifdef HAVE_STDLIB_H
| #  include <stdlib.h>
| # endif
| #endif
| #ifdef HAVE_STRING_H
| # if !defined STDC_HEADERS && defined HAVE_MEMORY_H
| #  include <memory.h>
| # endif
| # include <string.h>
| #endif
| #ifdef HAVE_STRINGS_H
| # include <strings.h>
| #endif
| #ifdef HAVE_INTTYPES_H
| # include <inttypes.h>
| #endif
| #ifdef HAVE_STDINT_H
| # include <stdint.h>
| #endif
| #ifdef HAVE_UNISTD_H
| # include <unistd.h>
| #endif
| int
| main ()
| {
| if (sizeof ((size_t)))
| 	    return 0;
|   ;
|   return 0;
| }
configure:11471: result: yes
configure:11482: checking whether struct tm is in sys/time.h or time.h
configure:11502: gcc -c -g -O2  conftest.c >&5
configure:11502: $? = 0
configure:11509: result: time.h
configure:11517: checking for uint16_t
configure:11517: gcc -c -g -O2  conftest.c >&5
configure:11517: $? = 0
configure:11517: result: yes
configure:11529: checking for working volatile
configure:11548: gcc -c -g -O2  conftest.c >&5
configure:11548: $? = 0
configure:11555: result: yes
configure:11565: checking for uid_t in sys/types.h
configure:11584: result: yes
configure:11597: checking for unistd.h
configure:11597: result: yes
configure:11607: checking for working chown
configure:11640: gcc -o conftest -g -O2   conftest.c -lxcb -lpthread -lglut -lX11 -lGLU -lGL -lm  >&5
configure:11640: $? = 0
configure:11640: ./conftest
configure:11640: $? = 0
configure:11652: result: yes
configure:11662: checking for stdlib.h
configure:11662: result: yes
configure:11672: checking for GNU libc compatible malloc
configure:11696: gcc -o conftest -g -O2   conftest.c -lxcb -lpthread -lglut -lX11 -lGLU -lGL -lm  >&5
configure:11696: $? = 0
configure:11696: ./conftest
configure:11696: $? = 0
configure:11706: result: yes
configure:11729: checking for stdlib.h
configure:11729: result: yes
configure:11739: checking for GNU libc compatible realloc
configure:11763: gcc -o conftest -g -O2   conftest.c -lxcb -lpthread -lglut -lX11 -lGLU -lGL -lm  >&5
configure:11763: $? = 0
configure:11763: ./conftest
configure:11763: $? = 0
configure:11773: result: yes
configure:11794: checking for working strtod
configure:11835: gcc -o conftest -g -O2   conftest.c -lxcb -lpthread -lglut -lX11 -lGLU -lGL -lm  >&5
configure:11835: $? = 0
configure:11835: ./conftest
configure:11835: $? = 0
configure:11845: result: yes
configure:11910: checking for memset
configure:11910: gcc -o conftest -g -O2   conftest.c -lxcb -lpthread -lglut -lX11 -lGLU -lGL -lm  >&5
conftest.c:74:6: warning: conflicting types for built-in function 'memset'
configure:11910: $? = 0
configure:11910: result: yes
configure:11910: checking for setlocale
configure:11910: gcc -o conftest -g -O2   conftest.c -lxcb -lpthread -lglut -lX11 -lGLU -lGL -lm  >&5
configure:11910: $? = 0
configure:11910: result: yes
configure:11910: checking for socket
configure:11910: gcc -o conftest -g -O2   conftest.c -lxcb -lpthread -lglut -lX11 -lGLU -lGL -lm  >&5
configure:11910: $? = 0
configure:11910: result: yes
configure:11910: checking for strtol
configure:11910: gcc -o conftest -g -O2   conftest.c -lxcb -lpthread -lglut -lX11 -lGLU -lGL -lm  >&5
configure:11910: $? = 0
configure:11910: result: yes
configure:12089: creating ./config.status

## ---------------- ##
## Cache variables. ##
## ---------------- ##

ac_cv_build=x86_64-suse-linux-gnu
ac_cv_c_compiler_gnu=yes
ac_cv_c_uint16_t=yes
ac_cv_c_volatile=yes
ac_cv_env_CC_set=
ac_cv_env_CC_value=
ac_cv_env_CFLAGS_set=
ac_cv_env_CFLAGS_value=
ac_cv_env_CPPFLAGS_set=
ac_cv_env_CPPFLAGS_value=
ac_cv_env_CPP_set=
ac_cv_env_CPP_value=
ac_cv_env_LDFLAGS_set=
ac_cv_env_LDFLAGS_value=
ac_cv_env_LIBS_set=
ac_cv_env_LIBS_value=
ac_cv_env_XMKMF_set=
ac_cv_env_XMKMF_value=
ac_cv_env_build_alias_set=
ac_cv_env_build_alias_value=
ac_cv_env_host_alias_set=
ac_cv_env_host_alias_value=
ac_cv_env_target_alias_set=
ac_cv_env_target_alias_value=
ac_cv_func_chown_works=yes
ac_cv_func_malloc_0_nonnull=yes
ac_cv_func_memset=yes
ac_cv_func_realloc_0_nonnull=yes
ac_cv_func_setlocale=yes
ac_cv_func_socket=yes
ac_cv_func_strtod=yes
ac_cv_func_strtol=yes
ac_cv_have_x='have_x=yes	ac_x_includes='\'''\''	ac_x_libraries='\'''\'''
ac_cv_header_arpa_inet_h=yes
ac_cv_header_dlfcn_h=yes
ac_cv_header_fcntl_h=yes
ac_cv_header_inttypes_h=yes
ac_cv_header_locale_h=yes
ac_cv_header_memory_h=yes
ac_cv_header_netinet_in_h=yes
ac_cv_header_stdbool_h=yes
ac_cv_header_stdc=yes
ac_cv_header_stddef_h=yes
ac_cv_header_stdint_h=yes
ac_cv_header_stdlib_h=yes
ac_cv_header_string_h=yes
ac_cv_header_strings_h=yes
ac_cv_header_sys_socket_h=yes
ac_cv_header_sys_stat_h=yes
ac_cv_header_sys_types_h=yes
ac_cv_header_sys_wait_h=yes
ac_cv_header_termios_h=yes
ac_cv_header_unistd_h=yes
ac_cv_header_wchar_h=yes
ac_cv_host=x86_64-suse-linux-gnu
ac_cv_lib_GLU_main=yes
ac_cv_lib_GL_glClear=yes
ac_cv_lib_X11_XOpenDisplay=yes
ac_cv_lib_glut_glutInit=yes
ac_cv_lib_m_floor=yes
ac_cv_lib_pthread_pthread_exit=yes
ac_cv_lib_xcb_xcb_connect=yes
ac_cv_objext=o
ac_cv_path_EGREP='/usr/bin/grep -E'
ac_cv_path_FGREP='/usr/bin/grep -F'
ac_cv_path_GREP=/usr/bin/grep
ac_cv_path_SED=/usr/bin/sed
ac_cv_path_install='/usr/bin/install -c'
ac_cv_path_mkdir=/bin/mkdir
ac_cv_prog_AWK=gawk
ac_cv_prog_CPP='gcc -E'
ac_cv_prog_ac_ct_AR=ar
ac_cv_prog_ac_ct_CC=gcc
ac_cv_prog_ac_ct_OBJDUMP=objdump
ac_cv_prog_ac_ct_RANLIB=ranlib
ac_cv_prog_ac_ct_STRIP=strip
ac_cv_prog_cc_c89=
ac_cv_prog_cc_g=yes
ac_cv_prog_make_make_set=yes
ac_cv_struct_tm=time.h
ac_cv_type__Bool=yes
ac_cv_type_size_t=yes
ac_cv_type_uid_t=yes
am_cv_CC_dependencies_compiler_type=gcc3
am_cv_prog_tar_ustar=gnutar
lt_cv_deplibs_check_method=pass_all
lt_cv_file_magic_cmd='$MAGIC_CMD'
lt_cv_file_magic_test_file=
lt_cv_ld_reload_flag=-r
lt_cv_nm_interface='BSD nm'
lt_cv_objdir=.libs
lt_cv_path_LD=/usr/x86_64-suse-linux/bin/ld
lt_cv_path_NM='/usr/bin/nm -B'
lt_cv_prog_compiler_c_o=yes
lt_cv_prog_compiler_pic_works=yes
lt_cv_prog_compiler_rtti_exceptions=no
lt_cv_prog_compiler_static_works=yes
lt_cv_prog_gnu_ld=yes
lt_cv_sys_global_symbol_pipe='sed -n -e '\''s/^.*[	 ]\([ABCDGIRSTW][ABCDGIRSTW]*\)[	 ][	 ]*\([_A-Za-z][_A-Za-z0-9]*\)$/\1 \2 \2/p'\'''
lt_cv_sys_global_symbol_to_c_name_address='sed -n -e '\''s/^: \([^ ]*\) $/  {\"\1\", (void *) 0},/p'\'' -e '\''s/^[ABCDGIRSTW]* \([^ ]*\) \([^ ]*\)$/  {"\2", (void *) \&\2},/p'\'''
lt_cv_sys_global_symbol_to_c_name_address_lib_prefix='sed -n -e '\''s/^: \([^ ]*\) $/  {\"\1\", (void *) 0},/p'\'' -e '\''s/^[ABCDGIRSTW]* \([^ ]*\) \(lib[^ ]*\)$/  {"\2", (void *) \&\2},/p'\'' -e '\''s/^[ABCDGIRSTW]* \([^ ]*\) \([^ ]*\)$/  {"lib\2", (void *) \&\2},/p'\'''
lt_cv_sys_global_symbol_to_cdecl='sed -n -e '\''s/^T .* \(.*\)$/extern int \1();/p'\'' -e '\''s/^[ABCDGIRSTW]* .* \(.*\)$/extern char \1;/p'\'''
lt_cv_sys_max_cmd_len=1572864

## ----------------- ##
## Output variables. ##
## ----------------- ##

ACLOCAL='${SHELL} /export/home/it2011/it11mf2/cybob2/trunk/build-aux/missing --run aclocal-1.11'
AMDEPBACKSLASH='\'
AMDEP_FALSE='#'
AMDEP_TRUE=''
AMTAR='${SHELL} /export/home/it2011/it11mf2/cybob2/trunk/build-aux/missing --run tar'
AR='ar'
AUTOCONF='${SHELL} /export/home/it2011/it11mf2/cybob2/trunk/build-aux/missing --run autoconf'
AUTOHEADER='${SHELL} /export/home/it2011/it11mf2/cybob2/trunk/build-aux/missing --run autoheader'
AUTOMAKE='${SHELL} /export/home/it2011/it11mf2/cybob2/trunk/build-aux/missing --run automake-1.11'
AWK='gawk'
CC='gcc'
CCDEPMODE='depmode=gcc3'
CFLAGS='-g -O2'
CPP='gcc -E'
CPPFLAGS=''
CYGPATH_W='echo'
DARWIN_OPERATING_SYSTEM_FALSE=''
DARWIN_OPERATING_SYSTEM_TRUE='#'
DEFS='-DPACKAGE_NAME=\"cybop\" -DPACKAGE_TARNAME=\"cybop\" -DPACKAGE_VERSION=\"0.16.0\" -DPACKAGE_STRING=\"cybop\ 0.16.0\" -DPACKAGE_BUGREPORT=\"christian.heller@tuxtax.de\" -DPACKAGE_URL=\"\" -DPACKAGE=\"cybop\" -DVERSION=\"0.16.0\" -DSTDC_HEADERS=1 -DHAVE_SYS_TYPES_H=1 -DHAVE_SYS_STAT_H=1 -DHAVE_STDLIB_H=1 -DHAVE_STRING_H=1 -DHAVE_MEMORY_H=1 -DHAVE_STRINGS_H=1 -DHAVE_INTTYPES_H=1 -DHAVE_STDINT_H=1 -DHAVE_UNISTD_H=1 -DHAVE_DLFCN_H=1 -DLT_OBJDIR=\".libs/\" -DHAVE_LIBM=1 -DHAVE_LIBGL=1 -DHAVE_LIBGLU=1 -DHAVE_LIBX11=1 -DHAVE_LIBGLUT=1 -DHAVE_LIBPTHREAD=1 -DHAVE_LIBXCB=1 -DSTDC_HEADERS=1 -DHAVE_SYS_WAIT_H=1 -DHAVE_ARPA_INET_H=1 -DHAVE_FCNTL_H=1 -DHAVE_LOCALE_H=1 -DHAVE_NETINET_IN_H=1 -DHAVE_STDDEF_H=1 -DHAVE_STDLIB_H=1 -DHAVE_STRING_H=1 -DHAVE_SYS_SOCKET_H=1 -DHAVE_TERMIOS_H=1 -DHAVE_UNISTD_H=1 -DHAVE_WCHAR_H=1 -DHAVE__BOOL=1 -DHAVE_STDBOOL_H=1 -DHAVE_UNISTD_H=1 -DHAVE_CHOWN=1 -DHAVE_STDLIB_H=1 -DHAVE_MALLOC=1 -DHAVE_STDLIB_H=1 -DHAVE_REALLOC=1 -DHAVE_MEMSET=1 -DHAVE_SETLOCALE=1 -DHAVE_SOCKET=1 -DHAVE_STRTOL=1'
DEPDIR='.deps'
DSYMUTIL=''
DUMPBIN=''
ECHO_C=''
ECHO_N='-n'
ECHO_T=''
EGREP='/usr/bin/grep -E'
EXEEXT=''
FGREP='/usr/bin/grep -F'
GREP='/usr/bin/grep'
INSTALL_DATA='${INSTALL} -m 644'
INSTALL_PROGRAM='${INSTALL}'
INSTALL_SCRIPT='${INSTALL}'
INSTALL_STRIP_PROGRAM='$(install_sh) -c -s'
LD='/usr/x86_64-suse-linux/bin/ld -m elf_x86_64'
LDFLAGS=''
LIBOBJS=''
LIBS='-lxcb -lpthread -lglut -lX11 -lGLU -lGL -lm '
LIBTOOL='$(SHELL) $(top_builddir)/libtool'
LINUX_OPERATING_SYSTEM_FALSE='#'
LINUX_OPERATING_SYSTEM_TRUE=''
LIPO=''
LN_S='ln -s'
LTLIBOBJS=''
MAKEINFO='${SHELL} /export/home/it2011/it11mf2/cybob2/trunk/build-aux/missing --run makeinfo'
MKDIR_P='/bin/mkdir -p'
NM='/usr/bin/nm -B'
NMEDIT=''
OBJDUMP='objdump'
OBJEXT='o'
OTOOL64=''
OTOOL=''
PACKAGE='cybop'
PACKAGE_BUGREPORT='christian.heller@tuxtax.de'
PACKAGE_NAME='cybop'
PACKAGE_STRING='cybop 0.16.0'
PACKAGE_TARNAME='cybop'
PACKAGE_URL=''
PACKAGE_VERSION='0.16.0'
PATH_SEPARATOR=':'
POW_LIB=''
RANLIB='ranlib'
SED='/usr/bin/sed'
SET_MAKE=''
SHELL='/bin/sh'
STRIP='strip'
VERSION='0.16.0'
WIN32_OPERATING_SYSTEM_FALSE=''
WIN32_OPERATING_SYSTEM_TRUE='#'
XMKMF=''
ac_ct_CC='gcc'
ac_ct_DUMPBIN=''
am__EXEEXT_FALSE=''
am__EXEEXT_TRUE='#'
am__fastdepCC_FALSE='#'
am__fastdepCC_TRUE=''
am__include='include'
am__isrc=''
am__leading_dot='.'
am__quote=''
am__tar='tar --format=ustar -chf - "$$tardir"'
am__untar='tar -xf -'
bindir='${exec_prefix}/bin'
build='x86_64-suse-linux-gnu'
build_alias=''
build_cpu='x86_64'
build_os='linux-gnu'
build_vendor='suse'
datadir='${datarootdir}'
datarootdir='${prefix}/share'
docdir='${datarootdir}/doc/${PACKAGE_TARNAME}'
dvidir='${docdir}'
exec_prefix='${prefix}'
host='x86_64-suse-linux-gnu'
host_alias=''
host_cpu='x86_64'
host_os='linux-gnu'
host_vendor='suse'
htmldir='${docdir}'
includedir='${prefix}/include'
infodir='${datarootdir}/info'
install_sh='${SHELL} /export/home/it2011/it11mf2/cybob2/trunk/build-aux/install-sh'
libdir='${exec_prefix}/lib'
libexecdir='${exec_prefix}/libexec'
localedir='${datarootdir}/locale'
localstatedir='${prefix}/var'
lt_ECHO='echo'
mandir='${datarootdir}/man'
mkdir_p='/bin/mkdir -p'
oldincludedir='/usr/include'
pdfdir='${docdir}'
prefix='/usr/local'
program_transform_name='s,x,x,'
psdir='${docdir}'
sbindir='${exec_prefix}/sbin'
sharedstatedir='${prefix}/com'
sysconfdir='${prefix}/etc'
target_alias=''

## ----------- ##
## confdefs.h. ##
## ----------- ##

/* confdefs.h */
#define PACKAGE_NAME "cybop"
#define PACKAGE_TARNAME "cybop"
#define PACKAGE_VERSION "0.16.0"
#define PACKAGE_STRING "cybop 0.16.0"
#define PACKAGE_BUGREPORT "christian.heller@tuxtax.de"
#define PACKAGE_URL ""
#define PACKAGE "cybop"
#define VERSION "0.16.0"
#define STDC_HEADERS 1
#define HAVE_SYS_TYPES_H 1
#define HAVE_SYS_STAT_H 1
#define HAVE_STDLIB_H 1
#define HAVE_STRING_H 1
#define HAVE_MEMORY_H 1
#define HAVE_STRINGS_H 1
#define HAVE_INTTYPES_H 1
#define HAVE_STDINT_H 1
#define HAVE_UNISTD_H 1
#define HAVE_DLFCN_H 1
#define LT_OBJDIR ".libs/"
#define HAVE_LIBM 1
#define HAVE_LIBGL 1
#define HAVE_LIBGLU 1
#define HAVE_LIBX11 1
#define HAVE_LIBGLUT 1
#define HAVE_LIBPTHREAD 1
#define HAVE_LIBXCB 1
#define STDC_HEADERS 1
#define HAVE_SYS_WAIT_H 1
#define HAVE_ARPA_INET_H 1
#define HAVE_FCNTL_H 1
#define HAVE_LOCALE_H 1
#define HAVE_NETINET_IN_H 1
#define HAVE_STDDEF_H 1
#define HAVE_STDLIB_H 1
#define HAVE_STRING_H 1
#define HAVE_SYS_SOCKET_H 1
#define HAVE_TERMIOS_H 1
#define HAVE_UNISTD_H 1
#define HAVE_WCHAR_H 1
#define HAVE__BOOL 1
#define HAVE_STDBOOL_H 1
#define HAVE_UNISTD_H 1
#define HAVE_CHOWN 1
#define HAVE_STDLIB_H 1
#define HAVE_MALLOC 1
#define HAVE_STDLIB_H 1
#define HAVE_REALLOC 1
#define HAVE_MEMSET 1
#define HAVE_SETLOCALE 1
#define HAVE_SOCKET 1
#define HAVE_STRTOL 1

configure: exit 0

## ---------------------- ##
## Running config.status. ##
## ---------------------- ##

This file was extended by cybop config.status 0.16.0, which was
generated by GNU Autoconf 2.65.  Invocation command line was

  CONFIG_FILES    = 
  CONFIG_HEADERS  = 
  CONFIG_LINKS    = 
  CONFIG_COMMANDS = 
  $ ./config.status 

on cad14

config.status:998: creating Makefile
config.status:998: creating src/Makefile
config.status:998: creating src/controller/Makefile
config.status:1161: executing depfiles commands
config.status:1161: executing libtool commands
