==1445== Memcheck, a memory error detector
==1445== Copyright (C) 2002-2011, and GNU GPL'd, by Julian Seward et al.
==1445== Using Valgrind-3.7.0 and LibVEX; rerun with -h for copyright info
==1445== Command: ../src/controller/cyboi exit/run.cybol
==1445== Parent PID: 8490
==1445== 
--1445-- WARNING: Serious error when reading debug info
--1445-- When reading debug info from /usr/lib/i386-linux-gnu/fglrx/fglrx-libGL.so.1.2:
--1445-- Can't make sense of .got section mapping
==1445== 
==1445== HEAP SUMMARY:
==1445==     in use at exit: 3,788 bytes in 444 blocks
==1445==   total heap usage: 1,016 allocs, 572 frees, 869,842 bytes allocated
==1445== 
==1445== 556 (36 direct, 520 indirect) bytes in 1 blocks are definitely lost in loss record 124 of 127
==1445==    at 0x4028308: malloc (vg_replace_malloc.c:263)
==1445==    by 0x804B077: allocate_array (array_allocator.c:108)
==1445==    by 0x46B9DD7: ???
==1445== 
==1445== 3,232 (36 direct, 3,196 indirect) bytes in 1 blocks are definitely lost in loss record 127 of 127
==1445==    at 0x4028308: malloc (vg_replace_malloc.c:263)
==1445==    by 0x804B077: allocate_array (array_allocator.c:108)
==1445==    by 0x46BD227: ???
==1445== 
==1445== LEAK SUMMARY:
==1445==    definitely lost: 72 bytes in 2 blocks
==1445==    indirectly lost: 3,716 bytes in 442 blocks
==1445==      possibly lost: 0 bytes in 0 blocks
==1445==    still reachable: 0 bytes in 0 blocks
==1445==         suppressed: 0 bytes in 0 blocks
==1445== 
==1445== For counts of detected and suppressed errors, rerun with: -v
==1445== ERROR SUMMARY: 2 errors from 2 contexts (suppressed: 37 from 6)
