==19871== Memcheck, a memory error detector
==19871== Copyright (C) 2002-2013, and GNU GPL'd, by Julian Seward et al.
==19871== Using Valgrind-3.10.0 and LibVEX; rerun with -h for copyright info
==19871== Command: ../src/controller/cyboi presence/run.cybol
==19871== Parent PID: 4984
==19871== 
==19871== Invalid write of size 8
==19871==    at 0x4043C1: copy_pointer (pointer_copier.c:58)
==19871==    by 0x4043C1: copy_value (value_copier.c:110)
==19871==    by 0x4044F3: copy_value_offset (value_copier.c:254)
==19871==    by 0x404572: copy_array_elements_forward (array_copier.c:83)
==19871==    by 0x40461C: copy_array_forward (array_copier.c:177)
==19871==    by 0x437434: overwrite_array (array_overwriter.c:192)
==19871==    by 0x437638: overwrite_item_element (item_overwriter.c:85)
==19871==    by 0x437729: append_item_element (item_appender.c:71)
==19871==    by 0x4505C9: deserialise_http_uri_query_parametre_name (name_parametre_query_http_uri_deserialiser.c:108)
==19871==    by 0x4506DE: deserialise_http_uri_query_parametre (parametre_query_http_uri_deserialiser.c:91)
==19871==    by 0x450958: deserialise_http_uri_query_content (query_http_uri_deserialiser.c:87)
==19871==    by 0x450A73: deserialise_http_uri_query (query_http_uri_deserialiser.c:152)
==19871==    by 0x450B1C: select_http_uri_path (path_http_uri_selector.c:68)
==19871==  Address 0xd52e6b0 is 0 bytes inside a block of size 4 alloc'd
==19871==    at 0x4C28C20: malloc (vg_replace_malloc.c:296)
==19871==    by 0x404A1A: allocate_array (array_allocator.c:109)
==19871==    by 0x42CA52: allocate_item (item_allocator.c:60)
==19871==    by 0x44C860: allocate_part (part_allocator.c:72)
==19871==    by 0x450871: deserialise_http_uri_query_content (query_http_uri_deserialiser.c:68)
==19871==    by 0x450A73: deserialise_http_uri_query (query_http_uri_deserialiser.c:152)
==19871==    by 0x450B1C: select_http_uri_path (path_http_uri_selector.c:68)
==19871==    by 0x450CBF: deserialise_http_uri_path (path_http_uri_deserialiser.c:79)
==19871==    by 0x4519C7: deserialise_uri (uri_deserialiser.c:311)
==19871==    by 0x46A72E: deserialise_http_request_uri_content (content_uri_http_request_deserialiser.c:127)
==19871==    by 0x46A86F: deserialise_http_request_uri (uri_http_request_deserialiser.c:87)
==19871==    by 0x46A90C: select_http_request_method (method_http_request_selector.c:85)
==19871== 
==19871== Invalid read of size 8
==19871==    at 0x404370: copy_pointer (pointer_copier.c:58)
==19871==    by 0x404370: copy_value (value_copier.c:192)
==19871==    by 0x4044F3: copy_value_offset (value_copier.c:254)
==19871==    by 0x404572: copy_array_elements_forward (array_copier.c:83)
==19871==    by 0x40461C: copy_array_forward (array_copier.c:177)
==19871==    by 0x436F63: reference_part (part_referencer.c:70)
==19871==    by 0x437167: reference_array_elements (elements_array_referencer.c:81)
==19871==    by 0x437207: reference_array (array_referencer.c:58)
==19871==    by 0x437296: reference (referencer.c:57)
==19871==    by 0x43744B: overwrite_array (array_overwriter.c:198)
==19871==    by 0x437638: overwrite_item_element (item_overwriter.c:85)
==19871==    by 0x437729: append_item_element (item_appender.c:71)
==19871==    by 0x4505C9: deserialise_http_uri_query_parametre_name (name_parametre_query_http_uri_deserialiser.c:108)
==19871==  Address 0xd52e6b0 is 0 bytes inside a block of size 4 alloc'd
==19871==    at 0x4C28C20: malloc (vg_replace_malloc.c:296)
==19871==    by 0x404A1A: allocate_array (array_allocator.c:109)
==19871==    by 0x42CA52: allocate_item (item_allocator.c:60)
==19871==    by 0x44C860: allocate_part (part_allocator.c:72)
==19871==    by 0x450871: deserialise_http_uri_query_content (query_http_uri_deserialiser.c:68)
==19871==    by 0x450A73: deserialise_http_uri_query (query_http_uri_deserialiser.c:152)
==19871==    by 0x450B1C: select_http_uri_path (path_http_uri_selector.c:68)
==19871==    by 0x450CBF: deserialise_http_uri_path (path_http_uri_deserialiser.c:79)
==19871==    by 0x4519C7: deserialise_uri (uri_deserialiser.c:311)
==19871==    by 0x46A72E: deserialise_http_request_uri_content (content_uri_http_request_deserialiser.c:127)
==19871==    by 0x46A86F: deserialise_http_request_uri (uri_http_request_deserialiser.c:87)
==19871==    by 0x46A90C: select_http_request_method (method_http_request_selector.c:85)
==19871== 
==19871== Conditional jump or move depends on uninitialised value(s)
==19871==    at 0x4045CA: copy_array_forward (array_copier.c:162)
==19871==    by 0x42E9FC: compare_all_part_element (part_all_comparator.c:58)
==19871==    by 0x433C48: find_name_array (array_name_finder.c:97)
==19871==    by 0x433D1B: get_name_array (array_name_getter.c:54)
==19871==    by 0x433DEA: get_name_item_element (item_name_getter.c:56)
==19871==    by 0x433F48: get_name_part_element (part_name_getter.c:55)
==19871==    by 0x45BC6C: deserialise_knowledge_part_name (name_part_knowledge_deserialiser.c:121)
==19871==    by 0x45B89E: select_knowledge_expression_begin (begin_expression_knowledge_selector.c:110)
==19871==    by 0x45B938: deserialise_knowledge_part (part_knowledge_deserialiser.c:79)
==19871==    by 0x45BA05: select_knowledge_part_begin (begin_part_knowledge_selector.c:90)
==19871==    by 0x45BB23: deserialise_knowledge (knowledge_deserialiser.c:76)
==19871==    by 0x45BCB1: deserialise_knowledge_part_name (name_part_knowledge_deserialiser.c:160)
==19871== 
==19871== Conditional jump or move depends on uninitialised value(s)
==19871==    at 0x40436A: copy_pointer (pointer_copier.c:49)
==19871==    by 0x40436A: copy_value (value_copier.c:192)
==19871==    by 0x4044F3: copy_value_offset (value_copier.c:254)
==19871==    by 0x404572: copy_array_elements_forward (array_copier.c:83)
==19871==    by 0x40461C: copy_array_forward (array_copier.c:177)
==19871==    by 0x42E9FC: compare_all_part_element (part_all_comparator.c:58)
==19871==    by 0x433C48: find_name_array (array_name_finder.c:97)
==19871==    by 0x433D1B: get_name_array (array_name_getter.c:54)
==19871==    by 0x433DEA: get_name_item_element (item_name_getter.c:56)
==19871==    by 0x433F48: get_name_part_element (part_name_getter.c:55)
==19871==    by 0x45BC6C: deserialise_knowledge_part_name (name_part_knowledge_deserialiser.c:121)
==19871==    by 0x45B89E: select_knowledge_expression_begin (begin_expression_knowledge_selector.c:110)
==19871==    by 0x45B938: deserialise_knowledge_part (part_knowledge_deserialiser.c:79)
==19871== 
==19871== Use of uninitialised value of size 8
==19871==    at 0x404370: copy_pointer (pointer_copier.c:58)
==19871==    by 0x404370: copy_value (value_copier.c:192)
==19871==    by 0x4044F3: copy_value_offset (value_copier.c:254)
==19871==    by 0x404572: copy_array_elements_forward (array_copier.c:83)
==19871==    by 0x40461C: copy_array_forward (array_copier.c:177)
==19871==    by 0x42E9FC: compare_all_part_element (part_all_comparator.c:58)
==19871==    by 0x433C48: find_name_array (array_name_finder.c:97)
==19871==    by 0x433D1B: get_name_array (array_name_getter.c:54)
==19871==    by 0x433DEA: get_name_item_element (item_name_getter.c:56)
==19871==    by 0x433F48: get_name_part_element (part_name_getter.c:55)
==19871==    by 0x45BC6C: deserialise_knowledge_part_name (name_part_knowledge_deserialiser.c:121)
==19871==    by 0x45B89E: select_knowledge_expression_begin (begin_expression_knowledge_selector.c:110)
==19871==    by 0x45B938: deserialise_knowledge_part (part_knowledge_deserialiser.c:79)
==19871== 
==19871== Conditional jump or move depends on uninitialised value(s)
==19871==    at 0x4045CA: copy_array_forward (array_copier.c:162)
==19871==    by 0x46475D: apply_append (append.c:101)
==19871==    by 0x47D421: handle_operation (operation_handler.c:934)
==19871==    by 0x47BD38: handle (handler.c:232)
==19871==    by 0x47D87C: handle_part_element (element_part_handler.c:82)
==19871==    by 0x47D97A: handle_part (part_handler.c:81)
==19871==    by 0x47BAA8: handle (handler.c:145)
==19871==    by 0x47DB38: check_found (found_checker.c:77)
==19871==    by 0x47DC37: check_signal (signal_checker.c:114)
==19871==    by 0x47DD5F: check (checker.c:85)
==19871==    by 0x47DF3E: initialise (initialiser.c:123)
==19871==    by 0x47E3E6: manage (manager.c:342)
==19871== 
==19871== Conditional jump or move depends on uninitialised value(s)
==19871==    at 0x4045CA: copy_array_forward (array_copier.c:162)
==19871==    by 0x45A3AD: append_part (part_appender.c:96)
==19871==    by 0x4648C6: apply_append (append.c:135)
==19871==    by 0x47D421: handle_operation (operation_handler.c:934)
==19871==    by 0x47BD38: handle (handler.c:232)
==19871==    by 0x47D87C: handle_part_element (element_part_handler.c:82)
==19871==    by 0x47D97A: handle_part (part_handler.c:81)
==19871==    by 0x47BAA8: handle (handler.c:145)
==19871==    by 0x47DB38: check_found (found_checker.c:77)
==19871==    by 0x47DC37: check_signal (signal_checker.c:114)
==19871==    by 0x47DD5F: check (checker.c:85)
==19871==    by 0x47DF3E: initialise (initialiser.c:123)
==19871== 
==19871== Conditional jump or move depends on uninitialised value(s)
==19871==    at 0x4045CA: copy_array_forward (array_copier.c:162)
==19871==    by 0x436F85: reference_part (part_referencer.c:72)
==19871==    by 0x437167: reference_array_elements (elements_array_referencer.c:81)
==19871==    by 0x437207: reference_array (array_referencer.c:58)
==19871==    by 0x437296: reference (referencer.c:57)
==19871==    by 0x45A85B: remove_array_inside (array_remover.c:116)
==19871==    by 0x45AA03: remove_array (array_remover.c:236)
==19871==    by 0x403F64: empty_array (array_emptier.c:57)
==19871==    by 0x403FC0: deallocate_array (array_deallocator.c:78)
==19871==    by 0x436728: deallocate_item (item_deallocator.c:74)
==19871==    by 0x436DB7: deallocate_part (part_deallocator.c:103)
==19871==    by 0x437091: reference_part (part_referencer.c:100)
==19871== 
==19871== Conditional jump or move depends on uninitialised value(s)
==19871==    at 0x4045CA: copy_array_forward (array_copier.c:162)
==19871==    by 0x436FAA: reference_part (part_referencer.c:73)
==19871==    by 0x437167: reference_array_elements (elements_array_referencer.c:81)
==19871==    by 0x437207: reference_array (array_referencer.c:58)
==19871==    by 0x437296: reference (referencer.c:57)
==19871==    by 0x45A85B: remove_array_inside (array_remover.c:116)
==19871==    by 0x45AA03: remove_array (array_remover.c:236)
==19871==    by 0x403F64: empty_array (array_emptier.c:57)
==19871==    by 0x403FC0: deallocate_array (array_deallocator.c:78)
==19871==    by 0x436728: deallocate_item (item_deallocator.c:74)
==19871==    by 0x436DB7: deallocate_part (part_deallocator.c:103)
==19871==    by 0x437091: reference_part (part_referencer.c:100)
==19871== 
==19871== Conditional jump or move depends on uninitialised value(s)
==19871==    at 0x4045CA: copy_array_forward (array_copier.c:162)
==19871==    by 0x436FCF: reference_part (part_referencer.c:74)
==19871==    by 0x437167: reference_array_elements (elements_array_referencer.c:81)
==19871==    by 0x437207: reference_array (array_referencer.c:58)
==19871==    by 0x437296: reference (referencer.c:57)
==19871==    by 0x45A85B: remove_array_inside (array_remover.c:116)
==19871==    by 0x45AA03: remove_array (array_remover.c:236)
==19871==    by 0x403F64: empty_array (array_emptier.c:57)
==19871==    by 0x403FC0: deallocate_array (array_deallocator.c:78)
==19871==    by 0x436728: deallocate_item (item_deallocator.c:74)
==19871==    by 0x436DB7: deallocate_part (part_deallocator.c:103)
==19871==    by 0x437091: reference_part (part_referencer.c:100)
==19871== 
==19871== Conditional jump or move depends on uninitialised value(s)
==19871==    at 0x4045CA: copy_array_forward (array_copier.c:162)
==19871==    by 0x436C1B: deallocate_part (part_deallocator.c:74)
==19871==    by 0x437091: reference_part (part_referencer.c:100)
==19871==    by 0x437167: reference_array_elements (elements_array_referencer.c:81)
==19871==    by 0x437207: reference_array (array_referencer.c:58)
==19871==    by 0x437296: reference (referencer.c:57)
==19871==    by 0x45A85B: remove_array_inside (array_remover.c:116)
==19871==    by 0x45AA03: remove_array (array_remover.c:236)
==19871==    by 0x403F64: empty_array (array_emptier.c:57)
==19871==    by 0x403FC0: deallocate_array (array_deallocator.c:78)
==19871==    by 0x436728: deallocate_item (item_deallocator.c:74)
==19871==    by 0x436DB7: deallocate_part (part_deallocator.c:103)
==19871== 
==19871== Conditional jump or move depends on uninitialised value(s)
==19871==    at 0x4045CA: copy_array_forward (array_copier.c:162)
==19871==    by 0x436C3C: deallocate_part (part_deallocator.c:75)
==19871==    by 0x437091: reference_part (part_referencer.c:100)
==19871==    by 0x437167: reference_array_elements (elements_array_referencer.c:81)
==19871==    by 0x437207: reference_array (array_referencer.c:58)
==19871==    by 0x437296: reference (referencer.c:57)
==19871==    by 0x45A85B: remove_array_inside (array_remover.c:116)
==19871==    by 0x45AA03: remove_array (array_remover.c:236)
==19871==    by 0x403F64: empty_array (array_emptier.c:57)
==19871==    by 0x403FC0: deallocate_array (array_deallocator.c:78)
==19871==    by 0x436728: deallocate_item (item_deallocator.c:74)
==19871==    by 0x436DB7: deallocate_part (part_deallocator.c:103)
==19871== 
==19871== Conditional jump or move depends on uninitialised value(s)
==19871==    at 0x4045CA: copy_array_forward (array_copier.c:162)
==19871==    by 0x436C5F: deallocate_part (part_deallocator.c:76)
==19871==    by 0x437091: reference_part (part_referencer.c:100)
==19871==    by 0x437167: reference_array_elements (elements_array_referencer.c:81)
==19871==    by 0x437207: reference_array (array_referencer.c:58)
==19871==    by 0x437296: reference (referencer.c:57)
==19871==    by 0x45A85B: remove_array_inside (array_remover.c:116)
==19871==    by 0x45AA03: remove_array (array_remover.c:236)
==19871==    by 0x403F64: empty_array (array_emptier.c:57)
==19871==    by 0x403FC0: deallocate_array (array_deallocator.c:78)
==19871==    by 0x436728: deallocate_item (item_deallocator.c:74)
==19871==    by 0x436DB7: deallocate_part (part_deallocator.c:103)
==19871== 
==19871== Conditional jump or move depends on uninitialised value(s)
==19871==    at 0x4045CA: copy_array_forward (array_copier.c:162)
==19871==    by 0x436C82: deallocate_part (part_deallocator.c:77)
==19871==    by 0x437091: reference_part (part_referencer.c:100)
==19871==    by 0x437167: reference_array_elements (elements_array_referencer.c:81)
==19871==    by 0x437207: reference_array (array_referencer.c:58)
==19871==    by 0x437296: reference (referencer.c:57)
==19871==    by 0x45A85B: remove_array_inside (array_remover.c:116)
==19871==    by 0x45AA03: remove_array (array_remover.c:236)
==19871==    by 0x403F64: empty_array (array_emptier.c:57)
==19871==    by 0x403FC0: deallocate_array (array_deallocator.c:78)
==19871==    by 0x436728: deallocate_item (item_deallocator.c:74)
==19871==    by 0x436DB7: deallocate_part (part_deallocator.c:103)
==19871== 
==19871== Conditional jump or move depends on uninitialised value(s)
==19871==    at 0x4045CA: copy_array_forward (array_copier.c:162)
==19871==    by 0x436CA5: deallocate_part (part_deallocator.c:78)
==19871==    by 0x437091: reference_part (part_referencer.c:100)
==19871==    by 0x437167: reference_array_elements (elements_array_referencer.c:81)
==19871==    by 0x437207: reference_array (array_referencer.c:58)
==19871==    by 0x437296: reference (referencer.c:57)
==19871==    by 0x45A85B: remove_array_inside (array_remover.c:116)
==19871==    by 0x45AA03: remove_array (array_remover.c:236)
==19871==    by 0x403F64: empty_array (array_emptier.c:57)
==19871==    by 0x403FC0: deallocate_array (array_deallocator.c:78)
==19871==    by 0x436728: deallocate_item (item_deallocator.c:74)
==19871==    by 0x436DB7: deallocate_part (part_deallocator.c:103)
==19871== 
==19871== Conditional jump or move depends on uninitialised value(s)
==19871==    at 0x4045CA: copy_array_forward (array_copier.c:162)
==19871==    by 0x436CC8: deallocate_part (part_deallocator.c:79)
==19871==    by 0x437091: reference_part (part_referencer.c:100)
==19871==    by 0x437167: reference_array_elements (elements_array_referencer.c:81)
==19871==    by 0x437207: reference_array (array_referencer.c:58)
==19871==    by 0x437296: reference (referencer.c:57)
==19871==    by 0x45A85B: remove_array_inside (array_remover.c:116)
==19871==    by 0x45AA03: remove_array (array_remover.c:236)
==19871==    by 0x403F64: empty_array (array_emptier.c:57)
==19871==    by 0x403FC0: deallocate_array (array_deallocator.c:78)
==19871==    by 0x436728: deallocate_item (item_deallocator.c:74)
==19871==    by 0x436DB7: deallocate_part (part_deallocator.c:103)
==19871== 
==19871== Conditional jump or move depends on uninitialised value(s)
==19871==    at 0x4045CA: copy_array_forward (array_copier.c:162)
==19871==    by 0x436CEB: deallocate_part (part_deallocator.c:80)
==19871==    by 0x437091: reference_part (part_referencer.c:100)
==19871==    by 0x437167: reference_array_elements (elements_array_referencer.c:81)
==19871==    by 0x437207: reference_array (array_referencer.c:58)
==19871==    by 0x437296: reference (referencer.c:57)
==19871==    by 0x45A85B: remove_array_inside (array_remover.c:116)
==19871==    by 0x45AA03: remove_array (array_remover.c:236)
==19871==    by 0x403F64: empty_array (array_emptier.c:57)
==19871==    by 0x403FC0: deallocate_array (array_deallocator.c:78)
==19871==    by 0x436728: deallocate_item (item_deallocator.c:74)
==19871==    by 0x436DB7: deallocate_part (part_deallocator.c:103)
==19871== 
==19871== Conditional jump or move depends on uninitialised value(s)
==19871==    at 0x4045CA: copy_array_forward (array_copier.c:162)
==19871==    by 0x436D0E: deallocate_part (part_deallocator.c:81)
==19871==    by 0x437091: reference_part (part_referencer.c:100)
==19871==    by 0x437167: reference_array_elements (elements_array_referencer.c:81)
==19871==    by 0x437207: reference_array (array_referencer.c:58)
==19871==    by 0x437296: reference (referencer.c:57)
==19871==    by 0x45A85B: remove_array_inside (array_remover.c:116)
==19871==    by 0x45AA03: remove_array (array_remover.c:236)
==19871==    by 0x403F64: empty_array (array_emptier.c:57)
==19871==    by 0x403FC0: deallocate_array (array_deallocator.c:78)
==19871==    by 0x436728: deallocate_item (item_deallocator.c:74)
==19871==    by 0x436DB7: deallocate_part (part_deallocator.c:103)
==19871== 
==19871== Conditional jump or move depends on uninitialised value(s)
==19871==    at 0x4045CA: copy_array_forward (array_copier.c:162)
==19871==    by 0x436D31: deallocate_part (part_deallocator.c:82)
==19871==    by 0x437091: reference_part (part_referencer.c:100)
==19871==    by 0x437167: reference_array_elements (elements_array_referencer.c:81)
==19871==    by 0x437207: reference_array (array_referencer.c:58)
==19871==    by 0x437296: reference (referencer.c:57)
==19871==    by 0x45A85B: remove_array_inside (array_remover.c:116)
==19871==    by 0x45AA03: remove_array (array_remover.c:236)
==19871==    by 0x403F64: empty_array (array_emptier.c:57)
==19871==    by 0x403FC0: deallocate_array (array_deallocator.c:78)
==19871==    by 0x436728: deallocate_item (item_deallocator.c:74)
==19871==    by 0x436DB7: deallocate_part (part_deallocator.c:103)
==19871== 
==19871== Conditional jump or move depends on uninitialised value(s)
==19871==    at 0x403FA8: deallocate_array (array_deallocator.c:69)
==19871==    by 0x436E39: deallocate_part (part_deallocator.c:116)
==19871==    by 0x437091: reference_part (part_referencer.c:100)
==19871==    by 0x437167: reference_array_elements (elements_array_referencer.c:81)
==19871==    by 0x437207: reference_array (array_referencer.c:58)
==19871==    by 0x437296: reference (referencer.c:57)
==19871==    by 0x45A85B: remove_array_inside (array_remover.c:116)
==19871==    by 0x45AA03: remove_array (array_remover.c:236)
==19871==    by 0x403F64: empty_array (array_emptier.c:57)
==19871==    by 0x403FC0: deallocate_array (array_deallocator.c:78)
==19871==    by 0x436728: deallocate_item (item_deallocator.c:74)
==19871==    by 0x436DB7: deallocate_part (part_deallocator.c:103)
==19871== 
==19871== Conditional jump or move depends on uninitialised value(s)
==19871==    at 0x4C29E46: free (vg_replace_malloc.c:473)
==19871==    by 0x403FC8: deallocate_array (array_deallocator.c:87)
==19871==    by 0x436E39: deallocate_part (part_deallocator.c:116)
==19871==    by 0x437091: reference_part (part_referencer.c:100)
==19871==    by 0x437167: reference_array_elements (elements_array_referencer.c:81)
==19871==    by 0x437207: reference_array (array_referencer.c:58)
==19871==    by 0x437296: reference (referencer.c:57)
==19871==    by 0x45A85B: remove_array_inside (array_remover.c:116)
==19871==    by 0x45AA03: remove_array (array_remover.c:236)
==19871==    by 0x403F64: empty_array (array_emptier.c:57)
==19871==    by 0x403FC0: deallocate_array (array_deallocator.c:78)
==19871==    by 0x436728: deallocate_item (item_deallocator.c:74)
==19871== 
==19871== 
==19871== HEAP SUMMARY:
==19871==     in use at exit: 0 bytes in 0 blocks
==19871==   total heap usage: 808,592 allocs, 808,592 frees, 16,133,951 bytes allocated
==19871== 
==19871== All heap blocks were freed -- no leaks are possible
==19871== 
==19871== For counts of detected and suppressed errors, rerun with: -v
==19871== Use --track-origins=yes to see where uninitialised values come from
==19871== ERROR SUMMARY: 360 errors from 21 contexts (suppressed: 0 from 0)
